[    0.000000] Initializing cgroup subsys cpuset
[    0.000000] Initializing cgroup subsys cpu
[    0.000000] Initializing cgroup subsys cpuacct
[    0.000000] Linux version 4.4.0-159-generic (buildd@lgw01-amd64-042) (gcc version 5.4.0 20160609 (Ubuntu 5.4.0-6ubuntu1~16.04.10) ) #187-Ubuntu SMP Thu Aug 1 16:28:06 UTC 2019 (Ubuntu 4.4.0-159.187-generic 4.4.185)
[    0.000000] Command line: BOOT_IMAGE=/boot/vmlinuz-4.4.0-159-generic root=LABEL=cloudimg-rootfs ro console=tty1 console=ttyS0
[    0.000000] KERNEL supported cpus:
[    0.000000]   Intel GenuineIntel
[    0.000000]   AMD AuthenticAMD
[    0.000000]   Centaur CentaurHauls
[    0.000000] x86/fpu: xstate_offset[2]:  576, xstate_sizes[2]:  256
[    0.000000] x86/fpu: Supporting XSAVE feature 0x01: 'x87 floating point registers'
[    0.000000] x86/fpu: Supporting XSAVE feature 0x02: 'SSE registers'
[    0.000000] x86/fpu: Supporting XSAVE feature 0x04: 'AVX registers'
[    0.000000] x86/fpu: Enabled xstate features 0x7, context size is 832 bytes, using 'standard' format.
[    0.000000] e820: BIOS-provided physical RAM map:
[    0.000000] BIOS-e820: [mem 0x0000000000000000-0x000000000009fbff] usable
[    0.000000] BIOS-e820: [mem 0x000000000009fc00-0x000000000009ffff] reserved
[    0.000000] BIOS-e820: [mem 0x00000000000f0000-0x00000000000fffff] reserved
[    0.000000] BIOS-e820: [mem 0x0000000000100000-0x000000007ffeffff] usable
[    0.000000] BIOS-e820: [mem 0x000000007fff0000-0x000000007fffffff] ACPI data
[    0.000000] BIOS-e820: [mem 0x00000000fec00000-0x00000000fec00fff] reserved
[    0.000000] BIOS-e820: [mem 0x00000000fee00000-0x00000000fee00fff] reserved
[    0.000000] BIOS-e820: [mem 0x00000000fffc0000-0x00000000ffffffff] reserved
[    0.000000] NX (Execute Disable) protection: active
[    0.000000] SMBIOS 2.5 present.
[    0.000000] Hypervisor detected: KVM
[    0.000000] e820: last_pfn = 0x7fff0 max_arch_pfn = 0x400000000
[    0.000000] MTRR: Disabled
[    0.000000] x86/PAT: MTRRs disabled, skipping PAT initialization too.
[    0.000000] CPU MTRRs all blank - virtualized system.
[    0.000000] x86/PAT: Configuration [0-7]: WB  WT  UC- UC  WB  WT  UC- UC  
[    0.000000] found SMP MP-table at [mem 0x0009fff0-0x0009ffff] mapped at [ffff88000009fff0]
[    0.000000] Scanning 1 areas for low memory corruption
[    0.000000] RAMDISK: [mem 0x362f8000-0x37173fff]
[    0.000000] ACPI: Early table checksum verification disabled
[    0.000000] ACPI: RSDP 0x00000000000E0000 000024 (v02 VBOX  )
[    0.000000] ACPI: XSDT 0x000000007FFF0030 00003C (v01 VBOX   VBOXXSDT 00000001 ASL  00000061)
[    0.000000] ACPI: FACP 0x000000007FFF00F0 0000F4 (v04 VBOX   VBOXFACP 00000001 ASL  00000061)
[    0.000000] ACPI: DSDT 0x000000007FFF0470 0022EA (v02 VBOX   VBOXBIOS 00000002 INTL 20100528)
[    0.000000] ACPI: FACS 0x000000007FFF0200 000040
[    0.000000] ACPI: FACS 0x000000007FFF0200 000040
[    0.000000] ACPI: APIC 0x000000007FFF0240 00005C (v02 VBOX   VBOXAPIC 00000001 ASL  00000061)
[    0.000000] ACPI: SSDT 0x000000007FFF02A0 0001CC (v01 VBOX   VBOXCPUT 00000002 INTL 20100528)
[    0.000000] No NUMA configuration found
[    0.000000] Faking a node at [mem 0x0000000000000000-0x000000007ffeffff]
[    0.000000] NODE_DATA(0) allocated [mem 0x7ffeb000-0x7ffeffff]
[    0.000000] kvm-clock: Using msrs 4b564d01 and 4b564d00
[    0.000000] kvm-clock: cpu 0, msr 0:7ffe3001, primary cpu clock
[    0.000000] kvm-clock: using sched offset of 3505989205 cycles
[    0.000000] clocksource: kvm-clock: mask: 0xffffffffffffffff max_cycles: 0x1cd42e4dffb, max_idle_ns: 881590591483 ns
[    0.000000] Zone ranges:
[    0.000000]   DMA      [mem 0x0000000000001000-0x0000000000ffffff]
[    0.000000]   DMA32    [mem 0x0000000001000000-0x000000007ffeffff]
[    0.000000]   Normal   empty
[    0.000000]   Device   empty
[    0.000000] Movable zone start for each node
[    0.000000] Early memory node ranges
[    0.000000]   node   0: [mem 0x0000000000001000-0x000000000009efff]
[    0.000000]   node   0: [mem 0x0000000000100000-0x000000007ffeffff]
[    0.000000] Initmem setup node 0 [mem 0x0000000000001000-0x000000007ffeffff]
[    0.000000] ACPI: PM-Timer IO Port: 0x4008
[    0.000000] IOAPIC[0]: apic_id 2, version 32, address 0xfec00000, GSI 0-23
[    0.000000] ACPI: INT_SRC_OVR (bus 0 bus_irq 0 global_irq 2 dfl dfl)
[    0.000000] ACPI: INT_SRC_OVR (bus 0 bus_irq 9 global_irq 9 low level)
[    0.000000] Using ACPI (MADT) for SMP configuration information
[    0.000000] smpboot: Allowing 2 CPUs, 0 hotplug CPUs
[    0.000000] PM: Registered nosave memory: [mem 0x00000000-0x00000fff]
[    0.000000] PM: Registered nosave memory: [mem 0x0009f000-0x0009ffff]
[    0.000000] PM: Registered nosave memory: [mem 0x000a0000-0x000effff]
[    0.000000] PM: Registered nosave memory: [mem 0x000f0000-0x000fffff]
[    0.000000] e820: [mem 0x80000000-0xfebfffff] available for PCI devices
[    0.000000] Booting paravirtualized kernel on KVM
[    0.000000] clocksource: refined-jiffies: mask: 0xffffffff max_cycles: 0xffffffff, max_idle_ns: 7645519600211568 ns
[    0.000000] setup_percpu: NR_CPUS:512 nr_cpumask_bits:512 nr_cpu_ids:2 nr_node_ids:1
[    0.000000] PERCPU: Embedded 34 pages/cpu @ffff88007fc00000 s99544 r8192 d31528 u1048576
[    0.000000] Built 1 zonelists in Node order, mobility grouping on.  Total pages: 515960
[    0.000000] Policy zone: DMA32
[    0.000000] Kernel command line: BOOT_IMAGE=/boot/vmlinuz-4.4.0-159-generic root=LABEL=cloudimg-rootfs ro console=tty1 console=ttyS0
[    0.000000] PID hash table entries: 4096 (order: 3, 32768 bytes)
[    0.000000] Memory: 2029916K/2096696K available (8618K kernel code, 1335K rwdata, 4032K rodata, 1488K init, 1284K bss, 66780K reserved, 0K cma-reserved)
[    0.000000] SLUB: HWalign=64, Order=0-3, MinObjects=0, CPUs=2, Nodes=1
[    0.000000] Kernel/User page tables isolation: enabled
[    0.000000] Hierarchical RCU implementation.
[    0.000000] 	Build-time adjustment of leaf fanout to 64.
[    0.000000] 	RCU restricting CPUs from NR_CPUS=512 to nr_cpu_ids=2.
[    0.000000] RCU: Adjusting geometry for rcu_fanout_leaf=64, nr_cpu_ids=2
[    0.000000] NR_IRQS:33024 nr_irqs:440 16
[    0.000000] Console: colour VGA+ 80x25
[    0.000000] console [tty1] enabled
[    0.000000] console [ttyS0] enabled
[    0.000000] tsc: Detected 2592.000 MHz processor
[    0.157317] Calibrating delay loop (skipped) preset value.. 5184.00 BogoMIPS (lpj=10368000)
[    0.159085] pid_max: default: 32768 minimum: 301
[    0.160034] ACPI: Core revision 20150930
[    0.161551] ACPI: 2 ACPI AML tables successfully acquired and loaded
[    0.162887] Security Framework initialized
[    0.163749] Yama: becoming mindful.
[    0.164541] AppArmor: AppArmor initialized
[    0.166684] Dentry cache hash table entries: 262144 (order: 9, 2097152 bytes)
[    0.168471] Inode-cache hash table entries: 131072 (order: 8, 1048576 bytes)
[    0.171289] Mount-cache hash table entries: 4096 (order: 3, 32768 bytes)
[    0.172926] Mountpoint-cache hash table entries: 4096 (order: 3, 32768 bytes)
[    0.174605] Initializing cgroup subsys io
[    0.175468] Initializing cgroup subsys memory
[    0.176384] Initializing cgroup subsys devices
[    0.177302] Initializing cgroup subsys freezer
[    0.178215] Initializing cgroup subsys net_cls
[    0.179126] Initializing cgroup subsys perf_event
[    0.180081] Initializing cgroup subsys net_prio
[    0.181070] Initializing cgroup subsys hugetlb
[    0.181985] Initializing cgroup subsys pids
[    0.183987] mce: CPU supports 0 MCE banks
[    0.185102] Last level iTLB entries: 4KB 64, 2MB 8, 4MB 8
[    0.186439] Last level dTLB entries: 4KB 64, 2MB 0, 4MB 0, 1GB 4
[    0.187925] Spectre V1 : Mitigation: usercopy/swapgs barriers and __user pointer sanitization
[    0.190292] Spectre V2 : Mitigation: Full generic retpoline
[    0.191504] Spectre V2 : Spectre v2 / SpectreRSB mitigation: Filling RSB on context switch
[    0.193487] Speculative Store Bypass: Vulnerable
[    0.194694] MDS: Mitigation: Clear CPU buffers
[    0.197935] Freeing SMP alternatives memory: 36K
[    0.203774] ftrace: allocating 32318 entries in 127 pages
[    0.250278] smpboot: APIC(0) Converting physical 0 to logical package 0
[    0.252084] smpboot: Max logical packages: 1
[    0.253596] x2apic enabled
[    0.254683] Switched APIC routing to physical x2apic.
[    0.257203] ..TIMER: vector=0x30 apic1=0 pin1=2 apic2=-1 pin2=-1
[    0.365395] smpboot: CPU0: Intel(R) Core(TM) i7-9750H CPU @ 2.60GHz (family: 0x6, model: 0x9e, stepping: 0xa)
[    0.368369] Performance Events: unsupported p6 CPU model 158 no PMU driver, software events only.
[    0.378634] KVM setup paravirtual spinlock
[    0.381554] x86: Booting SMP configuration:
[    0.382836] .... node  #0, CPUs:      #1
[    0.383955] kvm-clock: cpu 1, msr 0:7ffe3041, secondary cpu clock
[    0.386144] mce: CPU supports 0 MCE banks
[    0.388980] x86: Booted up 1 node, 2 CPUs
[    0.389983] smpboot: Total of 2 processors activated (10368.00 BogoMIPS)
[    0.391810] devtmpfs: initialized
[    0.393963] evm: security.selinux
[    0.394789] evm: security.SMACK64
[    0.395519] evm: security.SMACK64EXEC
[    0.396304] evm: security.SMACK64TRANSMUTE
[    0.397241] evm: security.SMACK64MMAP
[    0.398027] evm: security.ima
[    0.398697] evm: security.capability
[    0.399618] clocksource: jiffies: mask: 0xffffffff max_cycles: 0xffffffff, max_idle_ns: 7645041785100000 ns
[    0.402213] futex hash table entries: 512 (order: 3, 32768 bytes)
[    0.403953] pinctrl core: initialized pinctrl subsystem
[    0.405266] RTC time: 10:47:38, date: 09/01/19
[    0.406719] NET: Registered protocol family 16
[    0.417184] cpuidle: using governor ladder
[    0.428960] cpuidle: using governor menu
[    0.430717] PCCT header not found.
[    0.431882] ACPI: bus type PCI registered
[    0.433044] acpiphp: ACPI Hot Plug PCI Controller Driver version: 0.5
[    0.434778] PCI: Using configuration type 1 for base access
[    0.450067] ACPI: Added _OSI(Module Device)
[    0.451849] ACPI: Added _OSI(Processor Device)
[    0.453530] ACPI: Added _OSI(3.0 _SCP Extensions)
[    0.454700] ACPI: Added _OSI(Processor Aggregator Device)
[    0.456633] ACPI: Executed 1 blocks of module-level executable AML code
[    0.460541] ACPI: Interpreter enabled
[    0.461455] ACPI: (supports S0 S5)
[    0.462237] ACPI: Using IOAPIC for interrupt routing
[    0.463346] PCI: Using host bridge windows from ACPI; if necessary, use "pci=nocrs" and report a bug
[    0.468769] ACPI: PCI Root Bridge [PCI0] (domain 0000 [bus 00-ff])
[    0.470510] acpi PNP0A03:00: _OSC: OS supports [ASPM ClockPM Segments MSI]
[    0.472957] acpi PNP0A03:00: _OSC: not requesting OS control; OS requires [ExtendedConfig ASPM ClockPM MSI]
[    0.474961] acpi PNP0A03:00: fail to add MMCONFIG information, can't access extended PCI configuration space under this bridge.
[    0.478185] PCI host bridge to bus 0000:00
[    0.479185] pci_bus 0000:00: root bus resource [io  0x0000-0x0cf7 window]
[    0.480495] pci_bus 0000:00: root bus resource [io  0x0d00-0xffff window]
[    0.481944] pci_bus 0000:00: root bus resource [mem 0x000a0000-0x000bffff window]
[    0.483540] pci_bus 0000:00: root bus resource [mem 0x80000000-0xfdffffff window]
[    0.485445] pci_bus 0000:00: root bus resource [bus 00-ff]
[    0.489229] pci 0000:00:01.1: legacy IDE quirk: reg 0x10: [io  0x01f0-0x01f7]
[    0.491044] pci 0000:00:01.1: legacy IDE quirk: reg 0x14: [io  0x03f6]
[    0.492334] pci 0000:00:01.1: legacy IDE quirk: reg 0x18: [io  0x0170-0x0177]
[    0.494068] pci 0000:00:01.1: legacy IDE quirk: reg 0x1c: [io  0x0376]
[    0.517792] pci 0000:00:07.0: quirk: [io  0x4000-0x403f] claimed by PIIX4 ACPI
[    0.519559] pci 0000:00:07.0: quirk: [io  0x4100-0x410f] claimed by PIIX4 SMB
[    0.531264] ACPI: PCI Interrupt Link [LNKA] (IRQs 5 9 10 *11)
[    0.533235] ACPI: PCI Interrupt Link [LNKB] (IRQs 5 9 *10 11)
[    0.535172] ACPI: PCI Interrupt Link [LNKC] (IRQs 5 *9 10 11)
[    0.536746] ACPI: PCI Interrupt Link [LNKD] (IRQs 5 9 10 *11)
[    0.538400] ACPI: Enabled 2 GPEs in block 00 to 07
[    0.539695] vgaarb: setting as boot device: PCI:0000:00:02.0
[    0.541133] vgaarb: device added: PCI:0000:00:02.0,decodes=io+mem,owns=io+mem,locks=none
[    0.542853] vgaarb: loaded
[    0.543782] vgaarb: bridge control possible 0000:00:02.0
[    0.545168] SCSI subsystem initialized
[    0.546097] ACPI: bus type USB registered
[    0.547146] usbcore: registered new interface driver usbfs
[    0.548297] usbcore: registered new interface driver hub
[    0.549385] usbcore: registered new device driver usb
[    0.550932] PCI: Using ACPI for IRQ routing
[    0.552271] NetLabel: Initializing
[    0.553163] NetLabel:  domain hash size = 128
[    0.554128] NetLabel:  protocols = UNLABELED CIPSOv4
[    0.555201] NetLabel:  unlabeled traffic allowed by default
[    0.556531] amd_nb: Cannot enumerate AMD northbridges
[    0.557897] clocksource: Switched to clocksource kvm-clock
[    0.565571] AppArmor: AppArmor Filesystem Enabled
[    0.567130] pnp: PnP ACPI init
[    0.568931] pnp: PnP ACPI: found 3 devices
[    0.579567] clocksource: acpi_pm: mask: 0xffffff max_cycles: 0xffffff, max_idle_ns: 2085701024 ns
[    0.581802] NET: Registered protocol family 2
[    0.582852] TCP established hash table entries: 16384 (order: 5, 131072 bytes)
[    0.584799] TCP bind hash table entries: 16384 (order: 6, 262144 bytes)
[    0.586538] TCP: Hash tables configured (established 16384 bind 16384)
[    0.587833] UDP hash table entries: 1024 (order: 3, 32768 bytes)
[    0.589072] UDP-Lite hash table entries: 1024 (order: 3, 32768 bytes)
[    0.590707] NET: Registered protocol family 1
[    0.591657] pci 0000:00:00.0: Limiting direct PCI/PCI transfers
[    0.593155] pci 0000:00:01.0: Activating ISA DMA hang workarounds
[    0.594547] Unpacking initramfs...
[    0.769152] Freeing initrd memory: 14832K
[    0.770233] clocksource: tsc: mask: 0xffffffffffffffff max_cycles: 0x255cb6cc5db, max_idle_ns: 440795203504 ns
[    0.772805] platform rtc_cmos: registered platform RTC device (no PNP device found)
[    0.774530] Scanning for low memory corruption every 60 seconds
[    0.775995] audit: initializing netlink subsys (disabled)
[    0.777378] audit: type=2000 audit(1567334863.574:1): initialized
[    0.778813] Initialise system trusted keyring
[    0.779841] HugeTLB registered 2 MB page size, pre-allocated 0 pages
[    0.781980] zbud: loaded
[    0.782894] VFS: Disk quotas dquot_6.6.0
[    0.783768] VFS: Dquot-cache hash table entries: 512 (order 0, 4096 bytes)
[    0.785608] squashfs: version 4.0 (2009/01/31) Phillip Lougher
[    0.787432] fuse init (API version 7.23)
[    0.788393] Key type big_key registered
[    0.789236] Allocating IMA MOK and blacklist keyrings.
[    0.791857] Key type asymmetric registered
[    0.792756] Asymmetric key parser 'x509' registered
[    0.794294] Block layer SCSI generic (bsg) driver version 0.4 loaded (major 249)
[    0.795951] io scheduler noop registered
[    0.796791] io scheduler deadline registered (default)
[    0.797845] io scheduler cfq registered
[    0.798764] pci_hotplug: PCI Hot Plug PCI Core version: 0.5
[    0.800256] pciehp: PCI Express Hot Plug Controller Driver version: 0.4
[    0.801882] ACPI: AC Adapter [AC] (on-line)
[    0.802855] input: Power Button as /devices/LNXSYSTM:00/LNXPWRBN:00/input/input0
[    0.804429] ACPI: Power Button [PWRF]
[    0.805360] input: Sleep Button as /devices/LNXSYSTM:00/LNXSLPBN:00/input/input1
[    0.807218] ACPI: Sleep Button [SLPF]
[    0.808249] GHES: HEST is not enabled!
[    0.809171] ACPI: Battery Slot [BAT0] (battery present)
[    0.811258] Serial: 8250/16550 driver, 32 ports, IRQ sharing enabled
[    0.833048] 00:02: ttyS0 at I/O 0x3f8 (irq = 4, base_baud = 115200) is a 16550A
[    0.837535] Linux agpgart interface v0.103
[    0.841894] loop: module loaded
[    0.843278] scsi host0: ata_piix
[    0.844403] scsi host1: ata_piix
[    0.845581] ata1: PATA max UDMA/33 cmd 0x1f0 ctl 0x3f6 bmdma 0xd000 irq 14
[    0.847167] ata2: PATA max UDMA/33 cmd 0x170 ctl 0x376 bmdma 0xd008 irq 15
[    0.848743] libphy: Fixed MDIO Bus: probed
[    0.850099] tun: Universal TUN/TAP device driver, 1.6
[    0.851210] tun: (C) 1999-2004 Max Krasnyansky <maxk@qualcomm.com>
[    0.852762] PPP generic driver version 2.4.2
[    0.853772] ehci_hcd: USB 2.0 'Enhanced' Host Controller (EHCI) Driver
[    0.855618] ehci-pci: EHCI PCI platform driver
[    0.856710] ehci-platform: EHCI generic platform driver
[    0.857768] ohci_hcd: USB 1.1 'Open' Host Controller (OHCI) Driver
[    0.859197] ohci-pci: OHCI PCI platform driver
[    0.860244] ohci-platform: OHCI generic platform driver
[    0.861303] uhci_hcd: USB Universal Host Controller Interface driver
[    0.862636] i8042: PNP: PS/2 Controller [PNP0303:PS2K,PNP0f03:PS2M] at 0x60,0x64 irq 1,12
[    0.864707] serio: i8042 KBD port at 0x60,0x64 irq 1
[    0.865725] serio: i8042 AUX port at 0x60,0x64 irq 12
[    0.867086] mousedev: PS/2 mouse device common for all mice
[    0.868536] input: AT Translated Set 2 keyboard as /devices/platform/i8042/serio0/input/input2
[    0.871128] rtc_cmos rtc_cmos: rtc core: registered rtc_cmos as rtc0
[    0.872426] rtc_cmos rtc_cmos: alarms up to one day, 114 bytes nvram
[    0.873740] i2c /dev entries driver
[    0.874598] device-mapper: uevent: version 1.0.3
[    0.875647] device-mapper: ioctl: 4.34.0-ioctl (2015-10-28) initialised: dm-devel@redhat.com
[    0.877806] ledtrig-cpu: registered to indicate activity on CPUs
[    0.879376] NET: Registered protocol family 10
[    0.880537] NET: Registered protocol family 17
[    0.881481] Key type dns_resolver registered
[    0.883019] registered taskstats version 1
[    0.884202] Loading compiled-in X.509 certificates
[    0.885862] Loaded X.509 cert 'Build time autogenerated kernel key: d14182f9795b80ec340f636a5a08bf5817ccd8e7'
[    0.887911] zswap: loaded using pool lzo/zbud
[    0.890471] Key type trusted registered
[    0.894384] Key type encrypted registered
[    0.895410] AppArmor: AppArmor sha1 policy hashing enabled
[    0.896514] ima: No TPM chip found, activating TPM-bypass!
[    0.897613] ima: Allocated hash algorithm: sha1
[    0.898601] evm: HMAC attrs: 0x1
[    0.899683]   Magic number: 3:388:779
[    0.900540] rtc_cmos rtc_cmos: setting system clock to 2019-09-01 10:47:39 UTC (1567334859)
[    0.902386] BIOS EDD facility v0.16 2004-Jun-25, 0 devices found
[    0.903595] EDD information not available.
[    1.007151] Freeing unused kernel memory: 1488K
[    1.008590] Write protecting the kernel read-only data: 14336k
[    1.010500] Freeing unused kernel memory: 1608K
[    1.011839] Freeing unused kernel memory: 64K
Loading, please wait...
starting version 229
[    1.023629] random: systemd-udevd: uninitialized urandom read (16 bytes read, 3 bits of entropy available)
[    1.023942] random: udevadm: uninitialized urandom read (16 bytes read, 3 bits of entropy available)
[    1.023956] random: udevadm: uninitialized urandom read (16 bytes read, 3 bits of entropy available)
[    1.030230] random: udevadm: uninitialized urandom read (16 bytes read, 3 bits of entropy available)
[    1.030259] random: udevadm: uninitialized urandom read (16 bytes read, 3 bits of entropy available)
[    1.030348] random: udevadm: uninitialized urandom read (16 bytes read, 3 bits of entropy available)
[    1.030380] random: udevadm: uninitialized urandom read (16 bytes read, 3 bits of entropy available)
[    1.030413] random: udevadm: uninitialized urandom read (16 bytes read, 3 bits of entropy available)
[    1.030445] random: udevadm: uninitialized urandom read (16 bytes read, 3 bits of entropy available)
[    1.030475] random: udevadm: uninitialized urandom read (16 bytes read, 3 bits of entropy available)
[    1.069643] e1000: Intel(R) PRO/1000 Network Driver - version 7.3.21-k8-NAPI
[    1.071708] e1000: Copyright (c) 1999-2006 Intel Corporation.
[    1.076183] Fusion MPT base driver 3.04.20
[    1.077579] Copyright (c) 1999-2008 LSI Corporation
[    1.083781] Fusion MPT SPI Host driver 3.04.20
[    1.092616] AVX2 version of gcm_enc/dec engaged.
[    1.094155] AES CTR mode by8 optimization enabled
[    1.286236] input: ImExPS/2 Generic Explorer Mouse as /devices/platform/i8042/serio1/input/input4
[    1.463967] e1000 0000:00:03.0 eth0: (PCI:33MHz:32-bit) 02:6a:5b:40:72:6f
[    1.466068] e1000 0000:00:03.0 eth0: Intel(R) PRO/1000 Network Connection
[    1.468269] mptbase: ioc0: Initiating bringup
[    1.731403] ioc0: LSI53C1030 A0: Capabilities={Initiator}
[    2.136652] scsi host2: ioc0: LSI53C1030 A0, FwRev=00000000h, Ports=1, MaxQ=256, IRQ=20
[    2.481927] scsi 2:0:0:0: Direct-Access     VBOX     HARDDISK         1.0  PQ: 0 ANSI: 5
[    2.485087] scsi target2:0:0: Beginning Domain Validation
[    2.488710] scsi target2:0:0: Domain Validation skipping write tests
[    2.490534] scsi target2:0:0: Ending Domain Validation
[    2.492616] scsi target2:0:0: asynchronous
[    2.494831] scsi 2:0:1:0: Direct-Access     VBOX     HARDDISK         1.0  PQ: 0 ANSI: 5
[    2.497102] scsi target2:0:1: Beginning Domain Validation
[    2.499517] scsi target2:0:1: Domain Validation skipping write tests
[    2.501497] scsi target2:0:1: Ending Domain Validation
[    2.503779] scsi target2:0:1: asynchronous
[    2.554669] sd 2:0:0:0: Attached scsi generic sg0 type 0
[    2.556702] sd 2:0:0:0: [sda] 20971520 512-byte logical blocks: (10.7 GB/10.0 GiB)
[    2.558881] sd 2:0:1:0: [sdb] 20480 512-byte logical blocks: (10.5 MB/10.0 MiB)
[    2.561301] sd 2:0:1:0: Attached scsi generic sg1 type 0
[    2.562979] sd 2:0:0:0: [sda] Write Protect is off
[    2.564461] sd 2:0:1:0: [sdb] Write Protect is off
[    2.565515] sd 2:0:0:0: [sda] Incomplete mode parameter data
[    2.566749] sd 2:0:0:0: [sda] Assuming drive cache: write through
[    2.568192] sd 2:0:1:0: [sdb] Incomplete mode parameter data
[    2.569952] sd 2:0:1:0: [sdb] Assuming drive cache: write through
[    2.573621]  sda: sda1
[    2.575862] sd 2:0:0:0: [sda] Attached SCSI disk
[    2.577841] sd 2:0:1:0: [sdb] Attached SCSI disk
[    2.871417] e1000 0000:00:08.0 eth1: (PCI:33MHz:32-bit) 08:00:27:59:ee:37
[    2.873867] e1000 0000:00:08.0 eth1: Intel(R) PRO/1000 Network Connection
[    2.876925] e1000 0000:00:08.0 enp0s8: renamed from eth1
[    2.890917] e1000 0000:00:03.0 enp0s3: renamed from eth0
Begin: Loading essential drivers ... [    4.176861] md: linear personality registered for level -1
[    4.180760] md: multipath personality registered for level -4
[    4.183998] md: raid0 personality registered for level 0
[    4.189317] md: raid1 personality registered for level 1
[    4.262202] raid6: sse2x1   gen() 12721 MB/s
[    4.329929] raid6: sse2x1   xor()  9891 MB/s
[    4.398195] raid6: sse2x2   gen() 16402 MB/s
[    4.466462] raid6: sse2x2   xor() 11568 MB/s
[    4.534390] raid6: sse2x4   gen() 19079 MB/s
[    4.601991] raid6: sse2x4   xor() 12577 MB/s
[    4.670165] raid6: avx2x1   gen() 26932 MB/s
[    4.738563] raid6: avx2x2   gen() 30710 MB/s
[    4.810727] raid6: avx2x4   gen() 33522 MB/s
[    4.811901] raid6: using algorithm avx2x4 gen() 33522 MB/s
[    4.813108] raid6: using avx2x2 recovery algorithm
[    4.815400] xor: automatically using best checksumming function:
[    4.853964]    avx       : 29239.000 MB/sec
[    4.856513] async_tx: api initialized (async)
[    4.866814] md: raid6 personality registered for level 6
[    4.868678] md: raid5 personality registered for level 5
[    4.870808] md: raid4 personality registered for level 4
[    4.883646] md: raid10 personality registered for level 10
done.
Begin: Running /scripts/init-premount ... done.
Begin: Mounting root file system ... Begin: Running /scripts/local-top ... done.
Begin: Running /scripts/local-premount ... [    4.918597] Btrfs loaded
Scanning for Btrfs filesystems
done.
Warning: fsck not present, so skipping root file system
[    4.972232] EXT4-fs (sda1): mounted filesystem with ordered data mode. Opts: (null)
done.
Begin: Running /scripts/local-bottom ... done.
Begin: Running /scripts/init-bottom ... done.
[    5.075488] systemd[1]: systemd 229 running in system mode. (+PAM +AUDIT +SELINUX +IMA +APPARMOR +SMACK +SYSVINIT +UTMP +LIBCRYPTSETUP +GCRYPT +GNUTLS +ACL +XZ -LZ4 +SECCOMP +BLKID +ELFUTILS +KMOD -IDN)
[    5.079139] systemd[1]: Detected virtualization oracle.
[    5.080420] systemd[1]: Detected architecture x86-64.

Welcome to [1mUbuntu 16.04.6 LTS[0m!

[    5.090995] systemd[1]: Set hostname to <Org1>.
[    5.214304] systemd[1]: Created slice System Slice.
[[0;32m  OK  [0m] Created slice System Slice.
[    5.216639] systemd[1]: Listening on Journal Audit Socket.
[[0;32m  OK  [0m] Listening on Journal Audit Socket.
[    5.218940] systemd[1]: Listening on LVM2 metadata daemon socket.
[[0;32m  OK  [0m] Listening on LVM2 metadata daemon socket.
[    5.221501] systemd[1]: Listening on Journal Socket (/dev/log).
[[0;32m  OK  [0m] Listening on Journal Socket (/dev/log).
[    5.230087] systemd[1]: Reached target System Time Synchronized.
[[0;32m  OK  [0m] Reached target System Time Synchronized.
[    5.233063] systemd[1]: Set up automount Arbitrary Executable File Formats File System Automount Point.
[[0;32m  OK  [0m] Set up automount Arbitrary Executab...ats File System Automount Point.
[    5.237120] systemd[1]: Started Trigger resolvconf update for networkd DNS.
[[0;32m  OK  [0m] Started Trigger resolvconf update for networkd DNS.
[    5.239941] systemd[1]: Reached target Swap.
[[0;32m  OK  [0m] Reached target Swap.
[    5.241746] systemd[1]: Reached target User and Group Name Lookups.
[[0;32m  OK  [0m] Reached target User and Group Name Lookups.
[    5.250251] systemd[1]: Started Forward Password Requests to Wall Directory Watch.
[[0;32m  OK  [0m] Started Forward Password Requests to Wall Directory Watch.
[    5.253411] systemd[1]: Listening on Syslog Socket.
[[0;32m  OK  [0m] Listening on Syslog Socket.
[    5.255617] systemd[1]: Created slice User and Session Slice.
[[0;32m  OK  [0m] Created slice User and Session Slice.
[    5.257939] systemd[1]: Reached target Slices.
[[0;32m  OK  [0m] Reached target Slices.
[    5.260894] systemd[1]: Created slice system-serial\x2dgetty.slice.
[[0;32m  OK  [0m] Created slice system-serial\x2dgetty.slice.
[    5.263627] systemd[1]: Listening on LVM2 poll daemon socket.
[[0;32m  OK  [0m] Listening on LVM2 poll daemon socket.
[    5.266094] systemd[1]: Reached target Encrypted Volumes.
[[0;32m  OK  [0m] Reached target Encrypted Volumes.
[    5.268323] systemd[1]: Listening on Journal Socket.
[[0;32m  OK  [0m] Listening on Journal Socket.
[    5.294247] systemd[1]: Starting Nameserver information manager...
         Starting Nameserver information manager...
[    5.297407] systemd[1]: Mounting Debug File System...
         Mounting Debug File System...
[    5.299887] systemd[1]: Mounting POSIX Message Queue File System...
         Mounting POSIX Message Queue File System...
[    5.302703] systemd[1]: Starting Journal Service...
         Starting Journal Service...
[    5.305238] systemd[1]: Starting Create list of required static device nodes for the current kernel...
         Starting Create list of required st... nodes for the current kernel...
[    5.310812] systemd[1]: Mounting Huge Pages File System...
         Mounting Huge Pages File System...
[    5.313321] systemd[1]: Listening on udev Control Socket.
[[0;32m  OK  [0m] Listening on udev Control Socket.
[    5.319434] systemd[1]: Starting Set console keymap...
         Starting Set console keymap...
[    5.322577] systemd[1]: Starting Remount Root and Kernel File Systems...
         Starting Remount Root and Kernel File Systems...
[    5.327432] systemd[1]: Listening on Device-mapper event daemon FIFOs.
[    5.329330] EXT4-fs (sda1): re-mounted. Opts: (null)
[[0;32m  OK  [0m] Listening on Device-mapper event daemon FIFOs.
[    5.332018] systemd[1]: Starting Monitoring of LVM2 mirrors, snapshots etc. using dmeventd or progress polling...
         Starting Monitoring of LVM2 mirrors... dmeventd or progress polling...
[    5.336090] systemd[1]: Starting Uncomplicated firewall...
         Starting Uncomplicated firewall...
[    5.339620] systemd[1]: Listening on udev Kernel Socket.
[[0;32m  OK  [0m] Listening on udev Kernel Socket.
[    5.347108] systemd[1]: Starting Load Kernel Modules...
         Starting Load Kernel Modules...
[    5.351609] systemd[1]: Listening on /dev/initctl Compatibility Named Pipe.
[[0;32m  OK  [0m] Listening on /dev/initctl Compatibility Named Pipe.
[    5.357103] systemd[1]: Mounted Huge Pages File System.
[    5.358584] Loading iSCSI transport class v2.0-870.
[[0;32m  OK  [0m] Mounted Huge Pages File System.
[    5.360251] systemd[1]: Mounted POSIX Message Queue File System.
[[0;32m  OK  [0m] Mounted POSIX Message Queue File System.
[    5.362803] systemd[1]: Mounted Debug File System.
[[0;32m  OK  [0m] Mounted Debug File System.
[    5.366538] iscsi: registered transport (tcp)
[    5.370538] systemd[1]: Started Journal Service.
[[0;32m  OK  [0m] Started Journal Service.
[[0;32m  OK  [0m] Started Create list of required sta...ce nodes for the current kernel.
[[0;32m  OK  [0m] Started Remount Root and Kernel File Systems.
[[0;32m  OK  [0m] Started Set console keymap.
[[0;32m  OK  [0m] Started Uncomplicated firewall.
[[0;32m  OK  [0m] Started Nameserver information manager.
[    5.400552] iscsi: registered transport (iser)
[[0;32m  OK  [0m] Started Load Kernel Modules.
         Mounting FUSE Control File System...
         Starting Apply Kernel Variables...
[[0;32m  OK  [0m] Started LVM2 metadata daemon.
         Starting udev Coldplug all Devices...
         Starting Load/Save Random Seed...
         Starting Create Static Device Nodes in /dev...
         Starting Flush Journal to Persistent Storage...
[[0;32m  OK  [0m] Mounted FUSE Control File System.
[[0;32m  OK  [0m] Started Load/Save Random Seed.
[[0;32m  OK  [0m] Started Apply Kernel Variables.
[[0;32m  OK  [0m] Started Create Static Device Nodes in /dev.
         Starting udev Kernel Device Manager...
[[0;32m  OK  [0m] Started udev Coldplug all Devices.
[[0;32m  OK  [0m] Started Flush Journal to Persistent Storage.
[[0;32m  OK  [0m] Started udev Kernel Device Manager.
[[0;32m  OK  [0m] Started Dispatch Password Requests to Console Directory Watch.
[[0;32m  OK  [0m] Started Monitoring of LVM2 mirrors,...ng dmeventd or progress polling.
[[0;32m  OK  [0m] Reached target Local File Systems (Pre).
[[0;32m  OK  [0m] Reached target Local File Systems.
         Starting LSB: AppArmor initialization...
         Starting Create Volatile Files and Directories...
         Starting Tell Plymouth To Write Out Runtime Data...
         Starting Set console font and keymap...
         Starting Initial cloud-init job (pre-networking)...
[[0;32m  OK  [0m] Started Tell Plymouth To Write Out Runtime Data.
[[0;32m  OK  [0m] Started Create Volatile Files and Directories.
[[0;32m  OK  [0m] Found device /dev/ttyS0.
         Starting Update UTMP about System Boot/Shutdown...
[[0;32m  OK  [0m] Started Update UTMP about System Boot/Shutdown.
[[0;32m  OK  [0m] Started LSB: AppArmor initialization.
[[0;32m  OK  [0m] Listening on Load/Save RF Kill Switch Status /dev/rfkill Watch.
[[0;32m  OK  [0m] Found device 82540EM Gigabit Ethern...r (PRO/1000 MT Desktop Adapter).
[[0;32m  OK  [0m] Found device 82540EM Gigabit Ethern...r (PRO/1000 MT Desktop Adapter).
[    6.099247] cloud-init[513]: Cloud-init v. 19.1-1-gbaa47854-0ubuntu1~16.04.1 running 'init-local' at Sun, 01 Sep 2019 10:47:44 +0000. Up 5.82 seconds.
[[0;32m  OK  [0m] Started Initial cloud-init job (pre-networking).
[[0;32m  OK  [0m] Reached target Network (Pre).
[[0;32m  OK  [0m] Started ifup for enp0s3.
[[0;32m  OK  [0m] Started ifup for enp0s8.
         Starting Raise network interfaces...
[[0;32m  OK  [0m] Started Set console font and keymap.
[[0;32m  OK  [0m] Created slice system-getty.slice.
[[0;32m  OK  [0m] Started Raise network interfaces.
         Starting Initial cloud-init job (metadata service crawler)...
[[0;32m  OK  [0m] Reached target Network.
[    6.839884] cloud-init[1078]: Cloud-init v. 19.1-1-gbaa47854-0ubuntu1~16.04.1 running 'init' at Sun, 01 Sep 2019 10:47:45 +0000. Up 6.60 seconds.
[    6.848690] cloud-init[1078]: ci-info: ++++++++++++++++++++++++++++++++++++++Net device info+++++++++++++++++++++++++++++++++++++++
[    6.856564] cloud-init[1078]: ci-info: +--------+------+-----------------------------+---------------+--------+-------------------+
[    6.866248] cloud-init[1078]: ci-info: | Device |  Up  |           Address           |      Mask     | Scope  |     Hw-Address    |
[    6.873349] cloud-init[1078]: ci-info: +--------+------+-----------------------------+---------------+--------+-------------------+
[    6.875400] cloud-init[1078]: ci-info: | enp0s3 | True |          10.0.2.15          | 255.255.255.0 | global | 02:6a:5b:40:72:6f |
[    6.878345] cloud-init[1078]: ci-info: | enp0s3 | True |  fe80::6a:5bff:fe40:726f/64 |       .       |  link  | 02:6a:5b:40:72:6f |
[    6.880303] cloud-init[1078]: ci-info: | enp0s8 | True |         192.168.56.2        | 255.255.255.0 | global | 08:00:27:59:ee:37 |
[    6.884887] cloud-init[1078]: ci-info: | enp0s8 | True | fe80::a00:27ff:fe59:ee37/64 |       .       |  link  | 08:00:27:59:ee:37 |
[    6.892996] cloud-init[1078]: ci-info: |   lo   | True |          127.0.0.1          |   255.0.0.0   |  host  |         .         |
[    6.900618] cloud-init[1078]: ci-info: |   lo   | True |           ::1/128           |       .       |  host  |         .         |
[    6.902832] cloud-init[1078]: ci-info: +--------+------+-----------------------------+---------------+--------+-------------------+
[    6.905790] cloud-init[1078]: ci-info: ++++++++++++++++++++++++++++Route IPv4 info++++++++++++++++++++++++++++
[[0;32m  OK  [0m] Started Initial cloud-init job (metadata service crawler).
[    6.905996] cloud-init[1078]: ci-info: +-------+--------------+----------+---------------+-----------+-------+
[    6.908840] cloud-init[1078]: ci-info: | Route | Destination  | Gateway  |    Genmask    | Interface | Flags |
[    6.917056] cloud-init[1078]: ci-info: +-------+--------------+----------+---------------+-----------+-------+
[    6.917334] cloud-init[1078]: ci-info: |   0   |   0.0.0.0    | 10.0.2.2 |    0.0.0.0    |   enp0s3  |   UG  |
[[0;32m  OK  [0m] Reached target System Initialization.
[    6.917400] cloud-init[1078]: ci-info: |   1   |   10.0.2.0   | 0.0.0.0  | 255.255.255.0 |   enp0s3  |   U   |
[    6.925479] cloud-init[1078]: ci-info: |   2   | 192.168.56.0 | 0.0.0.0  | 255.255.255.0 |   enp0s8  |   U   |
[    6.925693] cloud-init[1078]: ci-info: +-------+--------------+----------+---------------+-----------+-------+
         Starting Docker Socket for the API.
[    6.925810] cloud-init[1078]: ci-info: +++++++++++++++++++Route IPv6 info+++++++++++++++++++
[    6.928754] cloud-init[1078]: ci-info: +-------+-------------+---------+-----------+-------+
[    6.930092] cloud-init[1078]: ci-info: | Route | Destination | Gateway | Interface | Flags |
[    6.931620] cloud-init[1078]: ci-info: +-------+-------------+---------+-----------+-------+
[    6.931785] [cloud-init[0;32m  OK  [0m[1078]: ] ci-info: |   0   |  fe80::/64  |    ::   |   enp0s8  |   U   |Started Daily apt download activities.

[[    6.931834] cloud-init[1078]: ci-info: |   1   |  fe80::/64  |    ::   |   enp0s3  |   U   |
[    6.935144] cloud-init[1078]: ci-info: |   4   |   ff00::/8  |    ::   |   enp0s8  |   U   |
[    6.935751] cloud-init[1078]: ci-info: |   5   |   ff00::/8  |    ::   |   enp0s3  |   U   |
[    6.936546] cloud-init[1078]: ci-info: +-------+-------------+---------+-----------+-------+
[0;32m  OK  [0m] Listening on D-Bus System Message Bus Socket.
[[0;32m  OK  [0m] Started Daily apt upgrade and clean activities.
[[0;32m  OK  [0m] Started Daily Cleanup of Temporary Directories.
[[0;32m  OK  [0m] Reached target Timers.
         Starting LXD - unix socket.
         Starting Socket activation for snappy daemon.
[[0;32m  OK  [0m] Started ACPI Events Check.
[[0;32m  OK  [0m] Reached target Paths.
[[0;32m  OK  [0m] Listening on ACPID Listen Socket.
[[0;32m  OK  [0m] Listening on UUID daemon activation socket.
[[0;32m  OK  [0m] Reached target Cloud-config availability.
[[0;32m  OK  [0m] Reached target Network is Online.
         Starting iSCSI initiator daemon (iscsid)...
[[0;32m  OK  [0m] Listening on Docker Socket for the API.
[[0;32m  OK  [0m] Listening on LXD - unix socket.
[[0;32m  OK  [0m] Listening on Socket activation for snappy daemon.
[[0;32m  OK  [0m] Reached target Sockets.
[[0;32m  OK  [0m] Reached target Basic System.
[[0;32m  OK  [0m] Started FUSE filesystem for LXC.
         Starting LSB: MD monitoring daemon...
         Starting LXD - container startup/shutdown...
         Starting Accounts Service...
[[0;32m  OK  [0m] Started ACPI event daemon.
         Starting System Logging Service...
         Starting LSB: Record successful boot for GRUB...
         Starting Virtualbox guest utils...
         Starting Snappy daemon...
         Starting containerd container runtime...
[[0;32m  OK  [0m] Started Regular background program processing daemon.
         Starting Login Service...
[[0;32m  OK  [0m] Started Deferred execution scheduler.
         Starting OpenBSD Secure Shell server...
[[0;32m  OK  [0m] Started D-Bus System Message Bus.
         Starting /etc/rc.local Compatibility...
[[0;32m  OK  [0m] Started System Logging Service.
[[0;32m  OK  [0m] Started iSCSI initiator daemon (iscsid).
[[0;32m  OK  [0m] Started containerd container runtime.
[[0;32m  OK  [0m] Started /etc/rc.local Compatibility.
[[0;32m  OK  [0m] Started OpenBSD Secure Shell server.
[[0;32m  OK  [0m] Started LSB: MD monitoring daemon.
[[0;32m  OK  [0m] Started LXD - container startup/shutdown.
[[0;32m  OK  [0m] Started Login Service.
[[0;32m  OK  [0m] Started LSB: Record successful boot for GRUB.
[[0;32m  OK  [0m] Started Unattended Upgrades Shutdown.
         Starting Authenticate and Authorize Users to Run Privileged Tasks...
         Starting Docker Application Container Engine...
         Starting Login to default iSCSI targets...
[[0;32m  OK  [0m] Started Login to default iSCSI targets.
[[0;32m  OK  [0m] Reached target Remote File Systems (Pre).
[[0;32m  OK  [0m] Reached target Remote File Systems.
         Starting LSB: Set the CPU Frequency Scaling governor to "ondemand"...
         Starting Permit User Sessions...
         Starting LSB: automatic crash report generation...
         Starting LSB: Set up cgroupfs mounts....
         Starting LSB: daemon to balance interrupts for SMP systems...
[[0;32m  OK  [0m] Started Permit User Sessions.
[[0;32m  OK  [0m] Started LSB: Set the CPU Frequency Scaling governor to "ondemand".
         Starting Terminate Plymouth Boot Screen...
         Starting Hold until boot process finishes up...
[[0;32m  OK  [0m] Started LSB: Set up cgroupfs mounts..
[[0;32m  OK  [0m] Started Hold until boot process finishes up.
[[0;32m  OK  [0m] Started Authenticate and Authorize Users to Run Privileged Tasks.
[[0;32m  OK  [0m] Started Terminate Plymouth Boot Screen.
[[0;32m  OK  [0m] Started Accounts Service.
[[0;32m  OK  [0m] Started Getty on tty1.
[[0;32m  OK  [0m] Started Serial Getty on ttyS0.
[[0;32m  OK  [0m] Reached target Login Prompts.
         Starting Set console scheme...
[[0;32m  OK  [0m] Started Set console scheme.
[[0;32m  OK  [0m] Started LSB: automatic crash report generation.
[[0;32m  OK  [0m] Started LSB: daemon to balance interrupts for SMP systems.
[[0;32m  OK  [0m] Started Snappy daemon.
[[0;32m  OK  [0m] Started Virtualbox guest utils.
         Starting Wait until snapd is fully seeded...
[[0;32m  OK  [0m] Started Wait until snapd is fully seeded.
         Starting Apply the settings specified in cloud-config...
[    7.955681] cloud-init[1355]: Cloud-init v. 19.1-1-gbaa47854-0ubuntu1~16.04.1 running 'modules:config' at Sun, 01 Sep 2019 10:47:46 +0000. Up 7.87 seconds.
[[0;32m  OK  [0m] Started Apply the settings specified in cloud-config.
[[0;32m  OK  [0m] Started Docker Application Container Engine.
[[0;32m  OK  [0m] Reached target Multi-User System.
         Starting Execute cloud user/final scripts...
[[0;32m  OK  [0m] Reached target Graphical Interface.
         Starting Update UTMP about System Runlevel Changes...
[[0;32m  OK  [0m] Started Update UTMP about System Runlevel Changes.
[    8.610942] cloud-init[1602]: Cloud-init v. 19.1-1-gbaa47854-0ubuntu1~16.04.1 running 'modules:final' at Sun, 01 Sep 2019 10:47:47 +0000. Up 8.52 seconds.
[    8.620943] cloud-init[1602]: Cloud-init v. 19.1-1-gbaa47854-0ubuntu1~16.04.1 finished at Sun, 01 Sep 2019 10:47:47 +0000. Datasource DataSourceNoCloud [seed=/dev/sdb][dsmode=net].  Up 8.60 seconds
[[0;32m  OK  [0m] Started Execute cloud user/final scripts.
         Starting Daily apt download activities...
[[0;32m  OK  [0m] Reached target Cloud-init target.
[[0;32m  OK  [0m] Created slice User Slice of vagrant.
         Starting User Manager for UID 1000...
[[0;32m  OK  [0m] Started Session 1 of user vagrant.
[[0;32m  OK  [0m] Started User Manager for UID 1000.

Ubuntu 16.04.6 LTS Org1 ttyS0

Org1 login: 